2026-10-05T20:34:14.049+02:00  INFO 12400 --- [washing-machine-scheduler-backend] [main] m.u.f.w.WashingMachineAppApplication     : Starting WashingMachineAppApplication using Java 21.0.8 with PID 12400 (C:\Users\temp\IdeaProjects\washing-machine-app\target\classes started by temp in C:\Users\temp\IdeaProjects\washing-machine-app)
2026-10-05T20:34:14.074+02:00 DEBUG 12400 --- [washing-machine-scheduler-backend] [main] m.u.f.w.WashingMachineAppApplication     : Running with Spring Boot v4.1.1, Spring v7.0.9
2026-10-05T20:34:14.077+02:00  INFO 12400 --- [washing-machine-scheduler-backend] [main] m.u.f.w.WashingMachineAppApplication     : No active profile set, falling back to 1 default profile: "default"
2026-10-05T20:34:19.907+02:00  INFO 12400 --- [washing-machine-scheduler-backend] [main] o.apache.catalina.core.StandardService   : Starting service [Tomcat]
2026-10-05T20:34:19.908+02:00  INFO 12400 --- [washing-machine-scheduler-backend] [main] o.apache.catalina.core.StandardEngine    : Starting Servlet engine: [Apache Tomcat/11.0.24]
2026-10-05T20:34:20.751+02:00  INFO 12400 --- [washing-machine-scheduler-backend] [main] org.hibernate.orm.jpa                    : HHH008540: Processing PersistenceUnitInfo [name: default]
2026-10-05T20:34:20.978+02:00  INFO 12400 --- [washing-machine-scheduler-backend] [main] org.hibernate.orm.core                   : HHH000001: Hibernate ORM core version 7.4.5.Final
2026-10-05T20:34:23.244+02:00  INFO 12400 --- [washing-machine-scheduler-backend] [main] com.zaxxer.hikari.HikariDataSource       : HikariPool-1 - Starting...
2026-10-05T20:34:23.903+02:00  INFO 12400 --- [washing-machine-scheduler-backend] [main] com.zaxxer.hikari.pool.HikariPool        : HikariPool-1 - Added connection org.postgresql.jdbc.PgConnection@624d778e
2026-10-05T20:34:23.911+02:00  INFO 12400 --- [washing-machine-scheduler-backend] [main] com.zaxxer.hikari.HikariDataSource       : HikariPool-1 - Start completed.
2026-10-05T20:34:24.127+02:00  WARN 12400 --- [washing-machine-scheduler-backend] [main] org.hibernate.orm.deprecation            : HHH90000025: PostgreSQLDialect does not need to be specified explicitly using 'hibernate.dialect' (remove the property setting and it will be selected by default)
2026-10-05T20:34:24.258+02:00  INFO 12400 --- [washing-machine-scheduler-backend] [main] org.hibernate.orm.connections.pooling    : HHH10001005: Database info:
	Database JDBC URL [jdbc:postgresql://localhost:5433/washingmachinedb]
	Database driver: PostgreSQL JDBC Driver
	Database dialect: PostgreSQLDialect
	Database version: 17.4
	Default catalog/schema: washingmachinedb/public
	Autocommit mode: undefined/unknown
	Isolation level: READ_COMMITTED [default READ_COMMITTED]
	JDBC fetch size: none
	Pool: DataSourceConnectionProvider
	Minimum pool size: undefined/unknown
	Maximum pool size: undefined/unknown
2026-10-05T20:34:28.001+02:00  INFO 12400 --- [washing-machine-scheduler-backend] [main] org.hibernate.orm.core                   : HHH000489: No JTA platform available (set 'hibernate.transaction.jta.platform' to enable JTA platform integration)
2026-10-05T20:34:28.271+02:00 ERROR 12400 --- [washing-machine-scheduler-backend] [main] j.LocalContainerEntityManagerFactoryBean : Failed to initialize JPA EntityManagerFactory: Unable to build Hibernate SessionFactory  [persistence unit: default] ; nested exception is org.hibernate.tool.schema.spi.SchemaManagementException: Schema validation: missing table [bookings]
2026-10-05T20:34:28.272+02:00  WARN 12400 --- [washing-machine-scheduler-backend] [main] ConfigServletWebServerApplicationContext : Exception encountered during context initialization - cancelling refresh attempt: org.springframework.beans.factory.BeanCreationException: Error creating bean with name 'entityManagerFactory' defined in class path resource [org/springframework/boot/hibernate/autoconfigure/HibernateJpaConfiguration.class]: Unable to build Hibernate SessionFactory  [persistence unit: default] ; nested exception is org.hibernate.tool.schema.spi.SchemaManagementException: Schema validation: missing table [bookings]
2026-10-05T20:34:28.274+02:00  INFO 12400 --- [washing-machine-scheduler-backend] [main] com.zaxxer.hikari.HikariDataSource       : HikariPool-1 - Shutdown initiated...
2026-10-05T20:34:28.287+02:00  INFO 12400 --- [washing-machine-scheduler-backend] [main] com.zaxxer.hikari.HikariDataSource       : HikariPool-1 - Shutdown completed.
2026-10-05T20:34:28.300+02:00  INFO 12400 --- [washing-machine-scheduler-backend] [main] o.apache.catalina.core.StandardService   : Stopping service [Tomcat]
2026-10-05T20:34:28.403+02:00 ERROR 12400 --- [washing-machine-scheduler-backend] [main] o.s.boot.SpringApplication               : Application run failed

org.springframework.beans.factory.BeanCreationException: Error creating bean with name 'entityManagerFactory' defined in class path resource [org/springframework/boot/hibernate/autoconfigure/HibernateJpaConfiguration.class]: Unable to build Hibernate SessionFactory  [persistence unit: default] ; nested exception is org.hibernate.tool.schema.spi.SchemaManagementException: Schema validation: missing table [bookings]
	at org.springframework.beans.factory.support.AbstractAutowireCapableBeanFactory.initializeBean(AbstractAutowireCapableBeanFactory.java:1815) ~[spring-beans-7.0.9.jar:7.0.9]
	at org.springframework.beans.factory.support.AbstractAutowireCapableBeanFactory.doCreateBean(AbstractAutowireCapableBeanFactory.java:603) ~[spring-beans-7.0.9.jar:7.0.9]
	at org.springframework.beans.factory.support.AbstractAutowireCapableBeanFactory.createBean(AbstractAutowireCapableBeanFactory.java:525) ~[spring-beans-7.0.9.jar:7.0.9]
	at org.springframework.beans.factory.support.AbstractBeanFactory.lambda$doGetBean$0(AbstractBeanFactory.java:333) ~[spring-beans-7.0.9.jar:7.0.9]
	at org.springframework.beans.factory.support.DefaultSingletonBeanRegistry.getSingleton(DefaultSingletonBeanRegistry.java:371) ~[spring-beans-7.0.9.jar:7.0.9]
	at org.springframework.beans.factory.support.AbstractBeanFactory.doGetBean(AbstractBeanFactory.java:331) ~[spring-beans-7.0.9.jar:7.0.9]
	at org.springframework.beans.factory.support.AbstractBeanFactory.getBean(AbstractBeanFactory.java:201) ~[spring-beans-7.0.9.jar:7.0.9]
	at org.springframework.context.support.AbstractApplicationContext.finishBeanFactoryInitialization(AbstractApplicationContext.java:977) ~[spring-context-7.0.9.jar:7.0.9]
	at org.springframework.context.support.AbstractApplicationContext.refresh(AbstractApplicationContext.java:621) ~[spring-context-7.0.9.jar:7.0.9]
	at org.springframework.boot.web.server.servlet.context.ServletWebServerApplicationContext.refresh(ServletWebServerApplicationContext.java:143) ~[spring-boot-web-server-4.1.1.jar:4.1.1]
	at org.springframework.boot.SpringApplication.refresh(SpringApplication.java:756) ~[spring-boot-4.1.1.jar:4.1.1]
	at org.springframework.boot.SpringApplication.refreshContext(SpringApplication.java:445) ~[spring-boot-4.1.1.jar:4.1.1]
	at org.springframework.boot.SpringApplication.run(SpringApplication.java:321) ~[spring-boot-4.1.1.jar:4.1.1]
	at org.springframework.boot.SpringApplication.run(SpringApplication.java:1365) ~[spring-boot-4.1.1.jar:4.1.1]
	at org.springframework.boot.SpringApplication.run(SpringApplication.java:1354) ~[spring-boot-4.1.1.jar:4.1.1]
	at mk.ukim.finki.washingmachineapp.WashingMachineAppApplication.main(WashingMachineAppApplication.java:14) ~[classes/:na]
Caused by: jakarta.persistence.PersistenceException: Unable to build Hibernate SessionFactory  [persistence unit: default] ; nested exception is org.hibernate.tool.schema.spi.SchemaManagementException: Schema validation: missing table [bookings]
	at org.springframework.orm.jpa.AbstractEntityManagerFactoryBean.buildNativeEntityManagerFactory(AbstractEntityManagerFactoryBean.java:448) ~[spring-orm-7.0.9.jar:7.0.9]
	at org.springframework.orm.jpa.AbstractEntityManagerFactoryBean.afterPropertiesSet(AbstractEntityManagerFactoryBean.java:411) ~[spring-orm-7.0.9.jar:7.0.9]
	at org.springframework.orm.jpa.LocalContainerEntityManagerFactoryBean.afterPropertiesSet(LocalContainerEntityManagerFactoryBean.java:419) ~[spring-orm-7.0.9.jar:7.0.9]
	at org.springframework.beans.factory.support.AbstractAutowireCapableBeanFactory.invokeInitMethods(AbstractAutowireCapableBeanFactory.java:1862) ~[spring-beans-7.0.9.jar:7.0.9]
	at org.springframework.beans.factory.support.AbstractAutowireCapableBeanFactory.initializeBean(AbstractAutowireCapableBeanFactory.java:1811) ~[spring-beans-7.0.9.jar:7.0.9]
	... 15 common frames omitted
Caused by: org.hibernate.tool.schema.spi.SchemaManagementException: Schema validation: missing table [bookings]
	at org.hibernate.tool.schema.internal.AbstractSchemaValidator.validateTable(AbstractSchemaValidator.java:128) ~[hibernate-core-7.4.5.Final.jar:7.4.5.Final]
	at org.hibernate.tool.schema.internal.GroupedSchemaValidatorImpl.validateTables(GroupedSchemaValidatorImpl.java:42) ~[hibernate-core-7.4.5.Final.jar:7.4.5.Final]
	at org.hibernate.tool.schema.internal.AbstractSchemaValidator.performValidation(AbstractSchemaValidator.java:97) ~[hibernate-core-7.4.5.Final.jar:7.4.5.Final]
	at org.hibernate.tool.schema.internal.AbstractSchemaValidator.doValidation(AbstractSchemaValidator.java:75) ~[hibernate-core-7.4.5.Final.jar:7.4.5.Final]
	at org.hibernate.tool.schema.spi.SchemaManagementToolCoordinator.performDatabaseAction(SchemaManagementToolCoordinator.java:278) ~[hibernate-core-7.4.5.Final.jar:7.4.5.Final]
	at org.hibernate.tool.schema.spi.SchemaManagementToolCoordinator.lambda$process$1(SchemaManagementToolCoordinator.java:101) ~[hibernate-core-7.4.5.Final.jar:7.4.5.Final]
	at java.base/java.util.HashMap.forEach(HashMap.java:1429) ~[na:na]
	at org.hibernate.tool.schema.spi.SchemaManagementToolCoordinator.process(SchemaManagementToolCoordinator.java:100) ~[hibernate-core-7.4.5.Final.jar:7.4.5.Final]
	at org.hibernate.boot.internal.SessionFactoryObserverForSchemaExport.sessionFactoryCreated(SessionFactoryObserverForSchemaExport.java:35) ~[hibernate-core-7.4.5.Final.jar:7.4.5.Final]
	at org.hibernate.internal.SessionFactoryObserverChain.sessionFactoryCreated(SessionFactoryObserverChain.java:33) ~[hibernate-core-7.4.5.Final.jar:7.4.5.Final]
	at org.hibernate.internal.SessionFactoryImpl.<init>(SessionFactoryImpl.java:327) ~[hibernate-core-7.4.5.Final.jar:7.4.5.Final]
	at org.hibernate.internal.SessionFactoryRegistry.instantiateSessionFactory(SessionFactoryRegistry.java:64) ~[hibernate-core-7.4.5.Final.jar:7.4.5.Final]
	at org.hibernate.boot.internal.SessionFactoryBuilderImpl.build(SessionFactoryBuilderImpl.java:458) ~[hibernate-core-7.4.5.Final.jar:7.4.5.Final]
	at org.hibernate.jpa.boot.internal.EntityManagerFactoryBuilderImpl.build(EntityManagerFactoryBuilderImpl.java:1452) ~[hibernate-core-7.4.5.Final.jar:7.4.5.Final]
	at org.springframework.orm.jpa.vendor.SpringHibernateJpaPersistenceProvider.createContainerEntityManagerFactory(SpringHibernateJpaPersistenceProvider.java:93) ~[spring-orm-7.0.9.jar:7.0.9]
	at org.springframework.orm.jpa.LocalContainerEntityManagerFactoryBean.createNativeEntityManagerFactory(LocalContainerEntityManagerFactoryBean.java:443) ~[spring-orm-7.0.9.jar:7.0.9]
	at org.springframework.orm.jpa.AbstractEntityManagerFactoryBean.buildNativeEntityManagerFactory(AbstractEntityManagerFactoryBean.java:436) ~[spring-orm-7.0.9.jar:7.0.9]
	... 19 common frames omitted

2026-10-05T20:43:21.466+02:00  INFO 1984 --- [washing-machine-scheduler-backend] [main] m.u.f.w.WashingMachineAppApplication     : Starting WashingMachineAppApplication using Java 21.0.8 with PID 1984 (C:\Users\temp\IdeaProjects\washing-machine-app\target\classes started by temp in C:\Users\temp\IdeaProjects\washing-machine-app)
2026-10-05T20:43:21.475+02:00 DEBUG 1984 --- [washing-machine-scheduler-backend] [main] m.u.f.w.WashingMachineAppApplication     : Running with Spring Boot v4.1.1, Spring v7.0.9
2026-10-05T20:43:21.477+02:00  INFO 1984 --- [washing-machine-scheduler-backend] [main] m.u.f.w.WashingMachineAppApplication     : No active profile set, falling back to 1 default profile: "default"
2026-10-05T20:43:28.848+02:00  INFO 1984 --- [washing-machine-scheduler-backend] [main] o.apache.catalina.core.StandardService   : Starting service [Tomcat]
2026-10-05T20:43:28.850+02:00  INFO 1984 --- [washing-machine-scheduler-backend] [main] o.apache.catalina.core.StandardEngine    : Starting Servlet engine: [Apache Tomcat/11.0.24]
2026-10-05T20:43:30.122+02:00  INFO 1984 --- [washing-machine-scheduler-backend] [main] com.zaxxer.hikari.HikariDataSource       : HikariPool-1 - Starting...
2026-10-05T20:43:30.697+02:00  INFO 1984 --- [washing-machine-scheduler-backend] [main] com.zaxxer.hikari.pool.HikariPool        : HikariPool-1 - Added connection org.postgresql.jdbc.PgConnection@6a1d1467
2026-10-05T20:43:30.702+02:00  INFO 1984 --- [washing-machine-scheduler-backend] [main] com.zaxxer.hikari.HikariDataSource       : HikariPool-1 - Start completed.
2026-10-05T20:43:30.748+02:00  WARN 1984 --- [washing-machine-scheduler-backend] [main] ConfigServletWebServerApplicationContext : Exception encountered during context initialization - cancelling refresh attempt: org.springframework.beans.factory.BeanCreationException: Error creating bean with name 'entityManagerFactory' defined in class path resource [org/springframework/boot/hibernate/autoconfigure/HibernateJpaConfiguration.class]: Failed to initialize dependency 'flywayInitializer' of LoadTimeWeaverAware bean 'entityManagerFactory': Error creating bean with name 'flywayInitializer' defined in class path resource [org/springframework/boot/flyway/autoconfigure/FlywayAutoConfiguration$FlywayConfiguration.class]: Unsupported Database: PostgreSQL 17.4
2026-10-05T20:43:30.750+02:00  INFO 1984 --- [washing-machine-scheduler-backend] [main] com.zaxxer.hikari.HikariDataSource       : HikariPool-1 - Shutdown initiated...
2026-10-05T20:43:30.759+02:00  INFO 1984 --- [washing-machine-scheduler-backend] [main] com.zaxxer.hikari.HikariDataSource       : HikariPool-1 - Shutdown completed.
2026-10-05T20:43:30.773+02:00  INFO 1984 --- [washing-machine-scheduler-backend] [main] o.apache.catalina.core.StandardService   : Stopping service [Tomcat]
2026-10-05T20:43:30.867+02:00 ERROR 1984 --- [washing-machine-scheduler-backend] [main] o.s.boot.SpringApplication               : Application run failed

org.springframework.beans.factory.BeanCreationException: Error creating bean with name 'entityManagerFactory' defined in class path resource [org/springframework/boot/hibernate/autoconfigure/HibernateJpaConfiguration.class]: Failed to initialize dependency 'flywayInitializer' of LoadTimeWeaverAware bean 'entityManagerFactory': Error creating bean with name 'flywayInitializer' defined in class path resource [org/springframework/boot/flyway/autoconfigure/FlywayAutoConfiguration$FlywayConfiguration.class]: Unsupported Database: PostgreSQL 17.4
	at org.springframework.beans.factory.support.AbstractBeanFactory.doGetBean(AbstractBeanFactory.java:322) ~[spring-beans-7.0.9.jar:7.0.9]
	at org.springframework.beans.factory.support.AbstractBeanFactory.getBean(AbstractBeanFactory.java:201) ~[spring-beans-7.0.9.jar:7.0.9]
	at org.springframework.context.support.AbstractApplicationContext.finishBeanFactoryInitialization(AbstractApplicationContext.java:977) ~[spring-context-7.0.9.jar:7.0.9]
	at org.springframework.context.support.AbstractApplicationContext.refresh(AbstractApplicationContext.java:621) ~[spring-context-7.0.9.jar:7.0.9]
	at org.springframework.boot.web.server.servlet.context.ServletWebServerApplicationContext.refresh(ServletWebServerApplicationContext.java:143) ~[spring-boot-web-server-4.1.1.jar:4.1.1]
	at org.springframework.boot.SpringApplication.refresh(SpringApplication.java:756) ~[spring-boot-4.1.1.jar:4.1.1]
	at org.springframework.boot.SpringApplication.refreshContext(SpringApplication.java:445) ~[spring-boot-4.1.1.jar:4.1.1]
	at org.springframework.boot.SpringApplication.run(SpringApplication.java:321) ~[spring-boot-4.1.1.jar:4.1.1]
	at org.springframework.boot.SpringApplication.run(SpringApplication.java:1365) ~[spring-boot-4.1.1.jar:4.1.1]
	at org.springframework.boot.SpringApplication.run(SpringApplication.java:1354) ~[spring-boot-4.1.1.jar:4.1.1]
	at mk.ukim.finki.washingmachineapp.WashingMachineAppApplication.main(WashingMachineAppApplication.java:14) ~[classes/:na]
Caused by: org.springframework.beans.factory.BeanCreationException: Error creating bean with name 'flywayInitializer' defined in class path resource [org/springframework/boot/flyway/autoconfigure/FlywayAutoConfiguration$FlywayConfiguration.class]: Unsupported Database: PostgreSQL 17.4
	at org.springframework.beans.factory.support.AbstractAutowireCapableBeanFactory.initializeBean(AbstractAutowireCapableBeanFactory.java:1815) ~[spring-beans-7.0.9.jar:7.0.9]
	at org.springframework.beans.factory.support.AbstractAutowireCapableBeanFactory.doCreateBean(AbstractAutowireCapableBeanFactory.java:603) ~[spring-beans-7.0.9.jar:7.0.9]
	at org.springframework.beans.factory.support.AbstractAutowireCapableBeanFactory.createBean(AbstractAutowireCapableBeanFactory.java:525) ~[spring-beans-7.0.9.jar:7.0.9]
	at org.springframework.beans.factory.support.AbstractBeanFactory.lambda$doGetBean$0(AbstractBeanFactory.java:333) ~[spring-beans-7.0.9.jar:7.0.9]
	at org.springframework.beans.factory.support.DefaultSingletonBeanRegistry.getSingleton(DefaultSingletonBeanRegistry.java:371) ~[spring-beans-7.0.9.jar:7.0.9]
	at org.springframework.beans.factory.support.AbstractBeanFactory.doGetBean(AbstractBeanFactory.java:331) ~[spring-beans-7.0.9.jar:7.0.9]
	at org.springframework.beans.factory.support.AbstractBeanFactory.getBean(AbstractBeanFactory.java:196) ~[spring-beans-7.0.9.jar:7.0.9]
	at org.springframework.beans.factory.support.AbstractBeanFactory.doGetBean(AbstractBeanFactory.java:309) ~[spring-beans-7.0.9.jar:7.0.9]
	... 10 common frames omitted
Caused by: org.flywaydb.core.api.FlywayException: Unsupported Database: PostgreSQL 17.4
	at org.flywaydb.core.internal.database.DatabaseTypeRegister.lambda$getDatabaseTypeForConnection$5(DatabaseTypeRegister.java:129) ~[flyway-core-12.4.0.jar:na]
	at java.base/java.util.Optional.orElseThrow(Optional.java:403) ~[na:na]
	at org.flywaydb.core.internal.database.DatabaseTypeRegister.getDatabaseTypeForConnection(DatabaseTypeRegister.java:129) ~[flyway-core-12.4.0.jar:na]
	at org.flywaydb.core.internal.jdbc.JdbcConnectionFactory.<init>(JdbcConnectionFactory.java:77) ~[flyway-core-12.4.0.jar:na]
	at org.flywaydb.core.FlywayExecutor.init(FlywayExecutor.java:275) ~[flyway-core-12.4.0.jar:na]
	at org.flywaydb.core.FlywayExecutor.execute(FlywayExecutor.java:120) ~[flyway-core-12.4.0.jar:na]
	at org.flywaydb.core.Flyway.migrate(Flyway.java:181) ~[flyway-core-12.4.0.jar:na]
	at org.springframework.boot.flyway.autoconfigure.FlywayMigrationInitializer.afterPropertiesSet(FlywayMigrationInitializer.java:67) ~[spring-boot-flyway-4.1.1.jar:4.1.1]
	at org.springframework.beans.factory.support.AbstractAutowireCapableBeanFactory.invokeInitMethods(AbstractAutowireCapableBeanFactory.java:1862) ~[spring-beans-7.0.9.jar:7.0.9]
	at org.springframework.beans.factory.support.AbstractAutowireCapableBeanFactory.initializeBean(AbstractAutowireCapableBeanFactory.java:1811) ~[spring-beans-7.0.9.jar:7.0.9]
	... 17 common frames omitted

2026-10-05T20:49:38.360+02:00  INFO 22592 --- [washing-machine-scheduler-backend] [main] m.u.f.w.WashingMachineAppApplication     : Starting WashingMachineAppApplication using Java 21.0.8 with PID 22592 (C:\Users\temp\IdeaProjects\washing-machine-app\target\classes started by temp in C:\Users\temp\IdeaProjects\washing-machine-app)
2026-10-05T20:49:38.374+02:00 DEBUG 22592 --- [washing-machine-scheduler-backend] [main] m.u.f.w.WashingMachineAppApplication     : Running with Spring Boot v4.1.1, Spring v7.0.9
2026-10-05T20:49:38.378+02:00  INFO 22592 --- [washing-machine-scheduler-backend] [main] m.u.f.w.WashingMachineAppApplication     : No active profile set, falling back to 1 default profile: "default"
2026-10-05T20:49:44.666+02:00  INFO 22592 --- [washing-machine-scheduler-backend] [main] o.apache.catalina.core.StandardService   : Starting service [Tomcat]
2026-10-05T20:49:44.667+02:00  INFO 22592 --- [washing-machine-scheduler-backend] [main] o.apache.catalina.core.StandardEngine    : Starting Servlet engine: [Apache Tomcat/11.0.24]
2026-10-05T20:49:45.923+02:00  INFO 22592 --- [washing-machine-scheduler-backend] [main] com.zaxxer.hikari.HikariDataSource       : HikariPool-1 - Starting...
2026-10-05T20:49:46.511+02:00  INFO 22592 --- [washing-machine-scheduler-backend] [main] com.zaxxer.hikari.pool.HikariPool        : HikariPool-1 - Added connection org.postgresql.jdbc.PgConnection@1c18ee69
2026-10-05T20:49:46.520+02:00  INFO 22592 --- [washing-machine-scheduler-backend] [main] com.zaxxer.hikari.HikariDataSource       : HikariPool-1 - Start completed.
2026-10-05T20:49:46.702+02:00  INFO 22592 --- [washing-machine-scheduler-backend] [main] org.flywaydb.core.FlywayExecutor         : Database: jdbc:postgresql://localhost:5433/washingmachinedb (PostgreSQL 17.4)
2026-10-05T20:49:47.211+02:00  INFO 22592 --- [washing-machine-scheduler-backend] [main] o.f.c.i.s.JdbcTableSchemaHistory         : Schema history table "public"."flyway_schema_history" does not exist yet
2026-10-05T20:49:47.229+02:00  INFO 22592 --- [washing-machine-scheduler-backend] [main] o.f.core.internal.command.DbValidate     : Successfully validated 2 migrations (execution time 00:00.153s)
2026-10-05T20:49:47.339+02:00  INFO 22592 --- [washing-machine-scheduler-backend] [main] org.flywaydb.core.Flyway                 : All configured schemas are empty; a baseline marker will not be added to Flyway's schema history table. A baseline or migration script with a lower version than the baseline version may execute if available. Check the Schemas parameter if this is not intended. See https://help.red-gate.com/help/flyway-cli12/help_4.aspx?topic=baseline-on-migrate for more info
2026-10-05T20:49:47.374+02:00  INFO 22592 --- [washing-machine-scheduler-backend] [main] o.f.c.i.s.JdbcTableSchemaHistory         : Creating Schema History table "public"."flyway_schema_history" ...
2026-10-05T20:49:47.867+02:00  INFO 22592 --- [washing-machine-scheduler-backend] [main] o.f.core.internal.command.DbMigrate      : Current version of schema "public": << Empty Schema >>
2026-10-05T20:49:47.960+02:00  INFO 22592 --- [washing-machine-scheduler-backend] [main] o.f.core.internal.command.DbMigrate      : Migrating schema "public" to version "1 - create booking machine student tables"
2026-10-05T20:49:48.314+02:00  INFO 22592 --- [washing-machine-scheduler-backend] [main] o.f.core.internal.command.DbMigrate      : Migrating schema "public" to version "2 - insert data into tables"
2026-10-05T20:49:48.415+02:00  INFO 22592 --- [washing-machine-scheduler-backend] [main] o.f.core.internal.command.DbMigrate      : Successfully applied 2 migrations to schema "public", now at version v2 (execution time 00:00.278s)
2026-10-05T20:49:48.807+02:00  INFO 22592 --- [washing-machine-scheduler-backend] [main] org.hibernate.orm.jpa                    : HHH008540: Processing PersistenceUnitInfo [name: default]
2026-10-05T20:49:49.100+02:00  INFO 22592 --- [washing-machine-scheduler-backend] [main] org.hibernate.orm.core                   : HHH000001: Hibernate ORM core version 7.4.5.Final
2026-10-05T20:49:51.381+02:00  WARN 22592 --- [washing-machine-scheduler-backend] [main] org.hibernate.orm.deprecation            : HHH90000025: PostgreSQLDialect does not need to be specified explicitly using 'hibernate.dialect' (remove the property setting and it will be selected by default)
2026-10-05T20:49:51.463+02:00  INFO 22592 --- [washing-machine-scheduler-backend] [main] org.hibernate.orm.connections.pooling    : HHH10001005: Database info:
	Database JDBC URL [jdbc:postgresql://localhost:5433/washingmachinedb]
	Database driver: PostgreSQL JDBC Driver
	Database dialect: PostgreSQLDialect
	Database version: 17.4
	Default catalog/schema: washingmachinedb/public
	Autocommit mode: undefined/unknown
	Isolation level: READ_COMMITTED [default READ_COMMITTED]
	JDBC fetch size: none
	Pool: DataSourceConnectionProvider
	Minimum pool size: undefined/unknown
	Maximum pool size: undefined/unknown
2026-10-05T20:49:55.681+02:00  INFO 22592 --- [washing-machine-scheduler-backend] [main] org.hibernate.orm.core                   : HHH000489: No JTA platform available (set 'hibernate.transaction.jta.platform' to enable JTA platform integration)
2026-10-05T20:50:00.724+02:00  WARN 22592 --- [washing-machine-scheduler-backend] [main] JpaBaseConfiguration$JpaWebConfiguration : spring.jpa.open-in-view is enabled by default. Therefore, database queries may be performed during view rendering. Explicitly configure spring.jpa.open-in-view to disable this warning
2026-10-05T20:50:02.628+02:00  WARN 22592 --- [washing-machine-scheduler-backend] [main] .s.a.UserDetailsServiceAutoConfiguration : 

Using generated security password: 891f95de-3b6c-4ff8-8ead-54434127d54d

This generated password is for development use only. Your security configuration must be updated before running your application in production.

2026-10-05T20:50:03.703+02:00  INFO 22592 --- [washing-machine-scheduler-backend] [main] m.u.f.w.WashingMachineAppApplication     : Started WashingMachineAppApplication in 27.897 seconds (process running for 31.837)
2026-10-05T20:50:04.115+02:00 DEBUG 22592 --- [washing-machine-scheduler-backend] [scheduling-1] org.hibernate.SQL                        : select b1_0.id,b1_0.created_at,b1_0.end_time,b1_0.machine_id,b1_0.start_time,b1_0.status,b1_0.student_id,b1_0.updated_at from bookings b1_0 where b1_0.status=? and b1_0.start_time<?
2026-10-05T20:50:04.119+02:00 TRACE 22592 --- [washing-machine-scheduler-backend] [scheduling-1] org.hibernate.orm.jdbc.bind              : binding parameter (1:VARCHAR) <- [CREATED]
2026-10-05T20:50:04.120+02:00 TRACE 22592 --- [washing-machine-scheduler-backend] [scheduling-1] org.hibernate.orm.jdbc.bind              : binding parameter (2:TIMESTAMP) <- [2026-10-05T20:35:03.753743400]
2026-10-05T20:50:28.327+02:00  INFO 22592 --- [washing-machine-scheduler-backend] [SpringApplicationShutdownHook] com.zaxxer.hikari.HikariDataSource       : HikariPool-1 - Shutdown initiated...
2026-10-05T20:50:28.404+02:00  INFO 22592 --- [washing-machine-scheduler-backend] [SpringApplicationShutdownHook] com.zaxxer.hikari.HikariDataSource       : HikariPool-1 - Shutdown completed.
